[  0000000 Itiizin cou subs uset
[  00000] italizin cgro sbsys cu   0.000000] Initializing cgroup subsys cpuacct
[    0.000000] Linux version 4.4.00-13-gneic (uid@cy01am4-20 (gc vsin 5.4.020069 Ubunu 4.-6ubunu16.0410)  #61Ubntu SM Mn Aug 27 10:45:01 UTC 2018 (Ubuntu 4.4.0-13161-generic 4..140)
[    0.000000] Command line: BOOT_IMAGE=/boot/vmlinuz-4.4.0-135-generic root=LABEL=cloudimg-rootfs ro console=tty1 console=ttyS0
[    0.000000] KERNEL supported cpus:
[    0.000000]   Intel GenuineIntel
[    0.000000]   AMD AuthenticAMD
[    0.000000]   Centaur CentaurHauls
[    0.000000] x86/fpu: xstate_offset[2]:  576, xstate_sizes[2]:  256
[    0.000000] x86/fpu: Supporting XSAVE feature 0x01: 'x87 floating point registers'
[    0.000000] x86/fpu: Supporting XSAVE feature 0x02: 'SSE registers'
[    0.000000] x86/fpu: Supporting XSAVE feature 0x04: 'AVX registers'
[    .000] x/fpu: Enabled xsta fatus 0x7, context size is 832 bytes, using 'standard' format.
[    0.000000] e820: BIOS-provided physical RAM map:
[    0.000000] BIOS-e820: [mem 0x0000000000000000-0x000000000009fbff] usable
[    0.000000] BIOS-e820: me 0x000000000009fc00-0x00000000009ff]esserd[    00000 BIOS-e0:me 0x0000000f0000x00000000000fffff] reserved
[    0.000000] BIOS-e820: [mem 0x00000000000-0x00000ffffff] usable
[    0.000000] BIOS-e820: [mem 0x000000003fff0000-0x000000003fffffff] ACPI data
[    0.000000] BIOS-e820: [mem 0x00000000fffc0000-0x00000000ffffffff] reserved
[    0.000000] NX (Execute Disable) protection: active
[    0.000000] SMBIOS 2.5 present.
[    0.000000] Hypervisor detected: KVM
[    0.000000] e820: last_pfn = 0x3fff0 max_arch_pfn = 0x400000000
[    0.000000] MTRR: Disabled
[    0.000000] x86/PAT: MTRRs disabled, skipping PAT initialization too.
[    0.000000] CPU MTRRs all blank - virtualized system.
[    0.000000] x86/PAT: Configuration [0-7]: WB  WT  UC- UC  WB  WT  UC- UC  
[    0.000000] found SMP MP-table at [mem 0x0009fff0-0x0009ffff] mapped at [ffff8800000ff]
[  00000] caing 1 areas for low memory corruption
[    0.000000] RAMDISK: [mem 0x3630a000-0x3717cfff]
[    0.000000] ACPI: Early table checksum verification disabled
[    0.000000] ACPI: RSDP 0x00000000000E0000 000024 (v02 VBOX  )
[    0.000000] ACPI: XSDT 0x000000003FFF0030 00003C (v01 VBOX   VBOXXSDT 00000001 ASL  00000061)
[    0.000000] ACPI: FACP 0x000000003FFF00F0 0000F4 (v04 VBOX   VBOXFACP 00000001 ASL  00000061)
[    0.000000] ACPI: DSDT 0x000000003FFF047000EBv01 VBOX   VBOXBIOS 00000002 INT 2008)
[   0.000] APIFACS 0x000000003FFF0200 000040
[    0.000000] ACI: FCS 0x00000003FFF0200 000040
[    0.000000] ACI: APIC 0x00003FFF24005C (v0VB   VBOXPI0000001 ASL  0000061
[    00000ACPI: SD0x000000FFF02A0 00C v01 BO  BOXCPU 00000002 INTL 20100528)
[  0.0000]  NMAconfiguration found
[    0.000000] Faking a node at [mem 0x0000000000000000-0x000000003ffeffff]
[    0.000000] NODE_DATA(0) allocated [mem 0x3ffeb000-0x3ffeffff]
[    0.000000] kvm-clock: Using msrs 4b564d01 and 4b564d00
[    0.000000] kvm-clock: cpu 0, msr 0:3ffe3001, primary cpu clock
[    0.000000] kvm-clock: using sched offset of 3486692563 cycles
[    0.000000] clocksource: kvm-clock: mask: 0xffffffffffffffff max_cycles: 0x1cd42e4dffb, max_idle_ns: 881590591483 ns
[    0.000000] Zone ranges:
[    0.000000]   DMA      [mem 0x0000000000001000-0x00000000fffff][  0.0000] DMA32    mem 0x0000000001000000-0x000000003ffeffff]
[    0.000000]   Normal   empty
[    0.000000]   Device   empty
[    0.000000] Movable zone start for each node
[    0.000000] Early memory node ranges
[    0.000000]   node   0: [mem 0x0000000000001000-0x000000000009efff]
[    0.000000]   node   0: [mem 0x0000000000100000-0x000000003ffeffff]
[    0.000000] Initmem setup node 0 [mem 0x0000000000001000-0x000000003ffeffff]
[    0.000000] ACPI: PM-Timer IO Port: 0x4008
[    0.000000] IOAPIC[0]: apic_id 2, version 17, address 0xfec00000, GSI 0-23
[    0.000000] ACPI: INT_SRC_OVR (bus 0 bus_irq 0 global_irq 2 dfl dfl)
[    0.000000] ACPI: INT_SRC_OVR (bus 0 bus_irq 9 global_irq 9 high level)
[    0.00000Using CP(MT) for SP nfguraioinormation
[    0.000000] smpboot: Allowin 2 CPUs, 0 hotplug PU
    .000] P Registered nosave memory: [mem 0x00000000-0x00000fff]
[    0.000000] PM: Registered nosave memory: em 0x0009f000x09fff
  0.000000] : gistere nav memo: em 00000-0x00ffff]
[    0.000000] PM: Registered nosave memory: [mem 0x000f0000-0x000fff]
[    0.000000] e820: [mem 0x40000000-0xfffbffff] available for PCI devices
[    0.000000] Booting paravirtualized kernel on KVM
[    0.000000] clocksourc rind-jiffies: mask: 0xffffffff max_cycles: 0xffffffff, max_idle_ns: 7645519600211568 ns
[    0.000000] setup_percpu: NR_CPUS:512 nr_cpumask_bits:512 nr_cpu_ids:2 nr_node_ids:1
[    0.000000] PERCPU: Embedded 34 pages/cpu @ffff88003fc00000 s99544 r8192 d31528 u1048576
[    0.000000] PV qspinlock hash table entries: 256 (order: 0,09bytes)
[    0.000000] Built 1 zonelists in Node order, mobility grouping on.  Total pages: 257912
[    0.000000] Policy zone: DMA32
[    0.000000] Kernel command line: BOOT_IMAGE=/boot/vmlinuz-4.4.0-135-generic root=LABEL=cloudimg-rootfs ro console=tty1 console=ttyS0
[    0.000000] PID hash table entries: 4096 (order: 3, 32768 bytes)
[    0.000000] Memory: 997720K/1048120K available (8554K kernel code, 1314K rwdata, 4004K rodata, 1516K init, 1316K bss, 50400K reserved, 0K cma-reserved)
[    0.000000] SLUB: HWalign=64, Order=0-3, MinObjects=0, CPUs=2, Nodes=1
[    0.000000] Kernelser page taessolation: enabled
[    0.000000] Hierarchical RCU implementation.
[    0.000000] 	Build-time adjustment of leafanout to 64.
[    0.000000] 	RCU restricting CPUs from NR_CPUS=512 to nr_cpu_ids=2.
[    0.000000] RCU: Adjusting geometry for rcu_fanout_leaf=64, nr_cpu_ids=2
[    0.000000] NR_IRQS:33024 nr_irqs:440 16
[    0.000000] Console: colour VGA+ 80x25
[    0.000000] console [tty1] enabled
[    0.000000] console [ttyS0] enabled
[    0.000000] tsc: Detected 2304.000 MHz processor
[    3.927884] Calibrating delay loop (skipped) preset value.. 46.00 BogoMIPS (lpj=9216000)
[    3.965950] pid_max: default: 32768 minimum: 301
[    3.966845] ACPI: Core revision 20150930
[    3.968306] ACPI: 2 ACPI AML tables successfully acquired and loaded
[    3.986366] Security Framework initialized
[    4.053071] Yama: becoming mindful.
[    4.112237] AppArmor: AppArmor initialized
[    4.136501] Dentry cache hash table entries: 131072 (order: 8, 1048576 bytes)
[    4.139418] Inode-cache hash table entries: 65536 (order: 7, 524288 bytes)
[    4.252251] Mount-cache hash table entries: 2048 (order: 2, 16384 bytes)
[    4.332900] Mountpoint-cache hash table entries: 2048 (order: 2, 16384 bytes)
[    4.444789] Initializing cgroup subsys io
[    4.508177] Initializing cgroup subsys memory
[    4.561628] Initializing cgroup subsys devices
[    4.634000] Initializing cgroup subsys freezer
[    4.692503] Initializing cgroup subsys net_cls
[    4.762310] Initializing cgroup subsys perf_event
[    4.804536] Initializing cgroup subsys net_prio
[    4.805423] Initializing cgroup subsys hugetlb
[    4.806284] Initializing cgroup subsys pids
[    4.808732] mce: CPU supports 0 MCE banks
[    4.809554] Last level iTLB entries: 4KB 64, 2MB 8, 4MB 8
[    4.810556] Last level dTLB entries: 4KB 64, 2MB 0, 4MB 0, 1GB 4
[    4.821545] Spectre V2 : Mitigation: Full generic retpoline
[    4.911401] Spectre V2 : Speculation control IBPB not-supported IBRS not-supported
[    4.985820] Spectre V2 : Filling RSB on context switch
[    4.988172] Speculative Store Bypass: Vulnerable
[    5.070569] Freeing SMP alternatives memory: 32K
[    5.130942] ftrace: allocating 32266 entries in 127 pages
[    5.231960] smpboot: APIC(0) Converting physical 0 to logical package 0
[    5.323797] smpboot: Max logical packages: 1
[    5.402900] ..TIMER: vector=0x30 apic1=0 pin1=2 apic2=-1 pin2=-1
[    5.604142] smpboot: CPU0: Intel(R) Core(TM) i5-7360U CPU @ 2.30GHz (family: 0x6, model: 0x8e, stepping: 0x9)
[    5.740873] Performance Events: unsupported p6 CPU model 142 no PMU driver, software events only.
[    5.805914] KVM setup paravirtual spinlock
[    5.857543] x86: Booting SMP configuration:
[    5.924308] .... node  #0, CPUs:      #1
[    5.996124] kvm-clock: cpu 1, msr 0:3ffe3041, secondary cpu clock
[    5.998610] mce: CPU supports 0 MCE banks
[    6.012739] x86: Booted up 1 node, 2 CPUs
[    6.056728] smpboot: Total of 2 processors activated (9216.00 BogoMIPS)
[    6.118458] devtmpfs: initialized
[    6.125969] evm: security.selinux
[    6.148936] evm: security.SMACK64
[    6.178069] evm: security.SMACK64EXEC
[    6.221942] evm: security.SMACK64TRANSMUTE
[    6.245942] evm: security.SMACK64MMAP
[    6.274028] evm: security.ima
[    6.315480] evm: security.capability
[    6.357099] clocksource: jiffies: mask: 0xffffffff max_cycles: 0xffffffff, max_idle_ns: 7645041785100000 ns
[    6.369778] futex hash table entries: 512 (order: 3, 32768 bytes)
[    6.371066] pinctrl core: initialized pinctrl subsystem
[    6.378466] RTC time: 13:18:59, date: 12/13/18
[    6.379790] NET: Registered protocol family 16
[    6.392005] cpuidle: using governor ladder
[    6.404107] cpuidle: using governor menu
[    6.409412] PCCT header not found.
[    6.414791] ACPI: bus type PCI registered
[    6.417753] acpiphp: ACPI Hot Plug PCI Controller Driver version: 0.5
[    6.422234] PCI: Using configuration type 1 for base access
[    6.434468] ACPI: Added _OSI(Module Device)
[    6.438272] ACPI: Added _OSI(Processor Device)
[    6.439162] ACPI: Added _OSI(3.0 _SCP Extensions)
[    6.451123] ACPI: Added _OSI(Processor Aggregator Device)
[    6.471850] ACPI: Executed 1 blocks of module-level executable AML code
[    6.475825] ACPI: Interpreter enabled
[    6.476604] ACPI: (supports S0 S5)
[    6.477323] ACPI: Using IOAPIC for interrupt routing
[    6.478387] PCI: Using host bridge windows from ACPI; if necessary, use "pci=nocrs" and report a bug
[    6.498633] ACPI: PCI Root Bridge [PCI0] (domain 0000 [bus 00-ff])
[    6.517669] acpi PNP0A03:00: _OSC: OS supports [ASPM ClockPM Segments MSI]
[    6.527025] acpi PNP0A03:00: _OSC failed (AE_NOT_FOUND); disabling ASPM
[    6.528216] acpi PNP0A03:00: fail to add MMCONFIG information, can't access extended PCI configuration space under this bridge.
[    6.542145] PCI host bridge to bus 0000:00
[    6.557732] pci_bus 0000:00: root bus resource [io  0x0000-0x0cf7 window]
[    6.567966] pci_bus 0000:00: root bus resource [io  0x0d00-0xffff window]
[    6.570297] pci_bus 0000:00: root bus resource [mem 0x000a0000-0x000bffff window]
[    6.571803] pci_bus 0000:00: root bus resource [mem 0x40000000-0xffdfffff window]
[    6.643124] pci_bus 0000:00: root bus resource [bus 00-ff]
[    6.709878] pci 0000:00:01.1: legacy IDE quirk: reg 0x10: [io  0x01f0-0x01f7]
[    6.773988] pci 0000:00:01.1: legacy IDE quirk: reg 0x14: [io  0x03f6]
[    6.851484] pci 0000:00:01.1: legacy IDE quirk: reg 0x18: [io  0x0170-0x0177]
[    6.922849] pci 0000:00:01.1: legacy IDE quirk: reg 0x1c: [io  0x0376]
[    6.942566] ACPI: PCI Interrupt Link [LNKA] (IRQs 5 9 10 11) *0, disabled.
[    6.979244] ACPI: PCI Interrupt Link [LNKB] (IRQs 5 9 10 *11)
[    7.041907] ACPI: PCI Interrupt Link [LNKC] (IRQs 5 9 *10 11)
[    7.102026] ACPI: PCI Interrupt Link [LNKD] (IRQs 5 *9 10 11)
[    7.159916] ACPI: Enabled 2 GPEs in block 00 to 07
[    7.189003] vgaarb: setting as boot device: PCI:0000:00:02.0
[    7.240977] vgaarb: device added: PCI:0000:00:02.0,decodes=io+mem,owns=io+mem,locks=none
[    7.317841] vgaarb: loaded
[    7.352315] vgaarb: bridge control possible 0000:00:02.0
[    7.406158] SCSI subsystem initialized
[    7.454427] ACPI: bus type USB registered
[    7.468475] usbcore: registered new interface driver usbfs
[    7.472417] usbcore: registered new interface driver hub
[    7.511965] usbcore: registered new device driver usb
[    7.561282] PCI: Using ACPI for IRQ routing
[    7.590103] NetLabel: Initializing
[    7.620248] NetLabel:  domain hash size = 128
[    7.636806] NetLabel:  protocols = UNLABELED CIPSOv4
[    7.683289] NetLabel:  unlabeled traffic allowed by default
[    7.752996] amd_nb: Cannot enumerate AMD northbridges
[    7.804737] clocksource: Switched to clocksource kvm-clock
[   7.38] pArmor: AppArmor Filesystem Enabled
[    81847pn PP PIni
[  8264]np: nP ACPI: found 3 devices
[  85364 cckurce: pim:as 0fff x_cl: ffffmaid_ns:207024ns
  9.63] NET: egted otocol family 2

[    8381TCesblhed hash table entries: 8192 (order: 4, 65536 bytes)
[   10.106179] TCP bind hash table entries: 8192 (order: 5, 131072 bytes)
[   10.107353] TCP: Hash tables configured (established 8192 bind 8192)
[   10.108542] UDP hash table entries: 512 (order: 2, 16384 bytes)
[   101054UDLi hh blenie: 51(oer2,63 bes)
[   10.80271] NET: Registered protocol family 1
[  10.839814] pci 0000:00:00.0: Limiting direct PCI/PCI trnsrs[ 1076859] pci 0000:00:01.0: Activating ISA DMA hang workarounds
[   11.096186] Unpacking initramfs...

[   11.290727] Freeing initrd memory: 14796K
[   11.356249] platform rtc_cmos: registered platform RTC device (no PNP device found)
[   11.359207] Scanning for low memory corruption every 60 seconds
[   11.423779] audit: initializing netlink subsys (disabled)
[   11.496779] audit: type=2000 audit(1544707142.905:1): initialized
[   11.544251] Initialise system trusted keyring
[   11.575965] HugeTLB registered 2 MB page size, pre-allocated 0 pages
[   11.588764] zbud: loaded
[   11.604975] VFS: Disk quotas dquot_6.6.0
[   11.612060] VFS: Dquot-cache hash table entries: 512 (order 0, 4096 bytes)
[   11.641772] squashfs: version 4.0 (2009/01/31) Phillip Lougher
[   11.682790] fuse init (API version 7.23)
[   11.715926] Key type big_key registered
[   11.748507] Allocating IMA MOK and blacklist keyrings.
[   11.812831] Key type asymmetric registered
[   11.816103] Asymmetric key parser 'x509' registered
[   11.817412] Block layer SCSI generic (bsg) driver version 0.4 loaded (major 249)
[   11.862832] io scheduler noop registered
[   11.889106] io scheduler deadline registered (default)
[   11.910432] io scheduler cfq registered
[   11.939356] pci_hotplug: PCI Hot Plug PCI Core version: 0.5
[   11.956706] pciehp: PCI Express Hot Plug Controller Driver version: 0.4
[   12.074291] ACPI: AC Adapter [AC] (on-line)
[   12.111191] input: Power Button as /devices/LNXSYSTM:00/LNXPWRBN:00/input/input0
[   12.209394] ACPI: Power Button [PWRF]
[   12.262383] input: Sleep Button as /devices/LNXSYSTM:00/LNXSLPBN:00/input/input1
[   12.294548] ACPI: Sleep Button [SLPF]
[   12.314903] GHES: HEST is not enabled!
[   12.326293] Serial: 8250/16550 driver, 32 ports, IRQ sharing enabled
[   12.362416] tsc: Refined TSC clocksource calibration: 2304.028 MHz
[   12.399653] clocksource: tsc: mask: 0xffffffffffffffff max_cycles: 0x213612721f7, max_idle_ns: 440795298942 ns
[   12.421917] 00:02: ttyS0 at I/O 0x3f8 (irq = 4, base_baud = 115200) is a 16550A
[   12.500147] Linux agpgart interface v0.103
[   12.156]oo: dullode
[  17957scsi hst0ata_piix

[   3.36369]sc ht1atpiix
[   3.07] a1PATA max UDMA/33 cmd 0x1f0 ctl 0x3f6 bmdma 0xd000 irq 14
[   13.561484] ata2: PATA max UDMA/33 cmd 0x170 ctl 0x376 bmdma 0xd008 irq 15
[   13.637683] libphy: Fixed MDIO Bus: probed
[   13.685266] tun: Universal TUN/TAP device driver, 1.6
[   13.758505] tun: (C) 1999-2004 Max Krasnyansky <maxk@qualcomm.com>
[   13.826788] PPP generic driver version 2.4.2
[   13.869504] ehci_hcd: USB 2.0 'Enhanced' Host Controller (EHCI) Driver
[   13.885999] ehci-pci: EHCI PCI platform driver
[   13.922486] ehci-platform: EHCI generic platform driver
[   13.954528] ohci_hcd: USB 1.1 'Open' Host Controller (OHCI) Driver
[   13.955636] ohci-pci: OHCI PCI platform driver
[   13.956503] ohci-platform: OHCI generic platform driver
[   13.993371] uhci_hcd: USB Universal Host Controller Interface driver
[   14.049649] i8042: PNP: PS/2 Controller [PNP30:PK,P03:2Matx60x4 irq 112[ 14.586655] serio: i8042 KBD rt at 0x60,0x64 irq 1
[   14.698644] serio: i8042 AUX oratx60x i 1

[   4.776] moudev: PS/2 mouse device commn r llic

[   15.427192] input: AT Translated Set 2 keyboard as /devices/platform/i8042/serio0/input/input2
[   15.478862] rtc_cmos rtc_cmos: rtc core: registered rtc_cmos as rtc0
[   15.480050] rtc_cmos rtc_cmos: alarms up to one day, 114 bytes nvram
[   15.490159] i2c /dev entries driver
[   15.493020] device-mapper: uevent: version 1.0.3
[   15.504916] device-mapper: ioctl: 4.34.0-ioctl (2015-10-28) initialised: dm-devel@redhat.com
[   15.587660] ledtrig-cpu: registered to indicate activity on CPUs
[   15.612070] NET: Registered protocol family 10
[   15.613489] NET: Registered protocol family 17
[   15.635678] Key type dns_resolver registered
[   15.669107] registered taskstats version 1
[   15.672114] Loading compiled-in X.509 certificates
[   15.673545] Loaded X.509 cert 'Build time autogenerated kernel key: b7189ebc996fd79c52efc1226b6676b25e4f6a2d'
[   15.685798] zswap: loaded using pool lzo/zbud
[   15.696774] Key type trusted registered
[   15.723429] Key type encrypted registered
[   15.752613] AppArmor: AppArmor sha1 policy hashing enabled
[   15.768938] ima: No TPM chip found, activating TPM-bypass!
[   15.780161] ima: Allocated hash algorithm: sha1
[   15.785520] evm: HMAC attrs: 0x1
[   15.787021]   Magic number: 14:662:331
[   15.794115] tty tty52: hash matches
[   15.794989] rtc_cmos rtc_cmos: setting system clock to 2018-12-13 13:19:09 UTC (1544707149)
[   15.797033] BIOS EDD facility v0.16 2004-Jun-25, 0 devices found
[   15.817465] EDD information not available.
[   15.832025] Freeing unused kernel memory: 1516K
[   15.868877] Write protecting the kernel read-only data: 14336k
[   15.930523] Freeing unused kernel memory: 1672K
[   15.952840] Freeing unused kernel memory: 92K
Loading, please [   15.983519] random: systemd-udevd: uninitialized urandom read (16 bytes read, 5 bits of entropy available)
wait...
startin[   15.984199] random: udevadm: uninitialized urandom read (16 bytes read, 5 bits of entropy available)
g version 229
[   15.984221] random: udevadm: uninitialized urandom read (16 bytes read, 5 bits of entropy available)
[   15.994364] random: udevadm: uninitialized urandom read (16 bytes read, 5 bits of entropy available)
[   15.994405] random: udevadm: uninitialized urandom read (16 bytes read, 5 bits of entropy available)
[   15.994548] random: udevadm: uninitialized urandom read (16 bytes read, 5 bits of entropy available)
[   15.994603] random: udevadm: uninitialized urandom read (16 bytes read, 5 bits of entropy available)
[   15.994659] random: udevadm: uninitialized urandom read (16 bytes read, 5 bits of entropy available)
[   15.994713] random: udevadm: uninitialized urandom read (16 bytes read, 5 bits of entropy available)
[   15.994765] random: udevadm: uninitialized urandom read (16 bytes read, 5 bits of entropy available)
[   16.352141] e1000: Intel(R) PRO/1000 Network Driver - version 7.3.21-k8-NAPI
[   16.360131] e1000: Copyright (c) 1999-2006 Intel Corporation.
[   16.388816] Fusion MPT base driver 3.04.20
[   16.405326] Copyright (c) 1999-2008 LSI Corporation
[   16.412532] Fusion MPT SPI Host driver 3.04.20
[   16.447645] AVX version of gcm_enc/dec engaged.
[   16.450194] AES CTR mode by8 optimization enabled
[   16.618750] input: ImExPS/2 Generic Explorer Mouse as /devices/platform/i8042/serio1/input/input4
[   16.773298] e1000 0000:00:03.0 eth0: (PCI:33MHz:32-bit) 02:fb:a8:4c:29:d0
[   17.125917] e1000 0000:00:03.0 eth0: Intel(R) PRO/1000 Network Connection
[   17.582786] e1000 0000:00:08.0 eth1: (PCI:33MHz:32-bit) 08:00:27:98:24:77
[   18.968349] e1000 0000:00:08.0 eth1: Intel(R) PRO/1000 Network Connection
[   19.040131] mptbase: ioc0: Initiating bringup
[   19.040775] e1000 0000:00:08.0 enp0s8: renamed from eth1
[   19.074410] e1000 0000:00:03.0 enp0s3: renamed from eth0
[   19.125808] ioc0: LSI53C1030 A0: Capabilities={Initiator}
[   19.331346] scsi host2: ioc0: LSI53C1030 A0, FwRev=00000000h, Ports=1, MaxQ=256, IRQ=20
[   19.453921] scsi 2:0:0:0: Direct-Access     VBOX     HARDDISK         1.0  PQ: 0 ANSI: 5
[   19.569993] scsi target2:0:0: Beginning Domain Validation
[   19.586382] scsi target2:0:0: Domain Validation skipping write tests
[   19.595343] scsi target2:0:0: Ending Domain Validation
[   19.599784] scsi target2:0:0: asynchronous
[   19.608861] scsi 2:0:1:0: Direct-Access     VBOX     HARDDISK         1.0  PQ: 0 ANSI: 5
[   19.642764] scsi target2:0:1: Beginning Domain Validation
[   19.972117] scsi target2:0:1: Domain Validation skipping write tests
[   19.990662] scsi target2:0:1: Ending Domain Validation
[   20.006040] scsi target2:0:1: asynchronous
[   20.033464] sd 2:0:0:0: Attached scsi generic sg0 type 0
[   20.038003] sd 2:0:1:0: Attached scsi generic sg1 type 0
[   20.038198] sd 2:0:0:0: [sda] 20971520 512-byte logical blocks: (10.7 GB/10.0 GiB)
[   20.073960] sd 2:0:1:0: [sdb] 20480 512-byte logical blocks: (10.5 MB/10.0 MiB)
[   20.108499] sd 2:0:0:0: [sda] Write Protect is off
[   20.183378] sd 2:0:0:0: [sda] Incomplete mode parameter data
[   20.272945] sd 2:0:0:0: [sda] Assuming drive cache: write through
[   20.362915]  sda: sda1
[   20.384902] sd 2:0:0:0: [sda] Attached SCSI disk
[   51.177558] mptscsih: ioc0: attempting task abort! (sc=ffff88003695a000)
[   51.261181] sd 2:0:1:0: tag#1 CDB: Inquiry 12 01 00 00 40 00
[   51.401375] mptscsih: ioc0: task abort: FAILED (rv=2003) (sc=ffff88003695a000)
[   51.414890] mptscsih: ioc0: attempting target reset! (sc=ffff88003695a000)
[   51.416177] sd 2:0:1:0: tag#1 CDB: Inquiry 12 01 00 00 40 00
[   51.529638] mptscsih: ioc0: target reset: SUCCESS (sc=ffff88003695a000)
[   51.537634] sd 2:0:1:0: [sdb] Write Protect is off
[   52.039026] sd 2:0:1:0: [sdb] Incomplete mode parameter data
[   52.110522] sd 2:0:1:0: [sdb] Assuming drive cache: write through
[   52.214622] sd 2:0:1:0: [sdb] Attached SCSI disk
Begin: Loading e[   53.599222] md: linear personality registered for level -1
ssential drivers[   53.629004] md: multipath personality registered for level -4
 ... [   53.636963] md: raid0 personality registered for level 0
[   53.755242] md: raid1 personality registered for level 1
[   53.921151] raid6: sse2x1   gen() 10317 MB/s
[   54.061789] raid6: sse2x1   xor()  6504 MB/s
[   54.158322] raid6: sse2x2   gen() 12536 MB/s
[   54.268813] raid6: sse2x2   xor()  6707 MB/s
[   54.397254] raid6: sse2x4   gen() 13963 MB/s
[   54.590105] raid6: sse2x4   xor()  9800 MB/s
[   54.701299] raid6: using algorithm sse2x4 gen() 13963 MB/s
[   54.866347] raid6: .... xor() 9800 MB/s, rmw enabled
[   54.920380] raid6: using ssse3x2 recovery algorithm
[   55.020581] xor: automatically using best checksumming function:
[   55.116985]    avx       : 25719.000 MB/sec
[   55.162750] async_tx: api initialized (async)
[   55.295326] md: raid6 personality registered for level 6
[   55.315840] md: raid5 personality registered for level 5
[   55.328468] md: raid4 personality registered for level 4
[   55.350343] md: raid10 personality registered for level 10
done.
Begin: Running /scripts/init-p[   55.406005] Btrfs loaded
remount ... done.
Begin: Mounting root file system ... Begin: Running /scripts/local-top ... done.
Begin: Running /scripts/local-premount ... Scanning for Btrfs filesystems
done.
Warning: fsck no[   55.479758] EXT4-fs (sda1): mounted filesystem with ordered data mode. Opts: (null)
t present, so skipping root file system
done.
Begin: Running /scripts/local-bottom ... done.
Begin: Running /scripts/init-bottom ... done.
[   55.577745] systemd[1]: systemd 229 running in system mode. (+PAM +AUDIT +SELINUX +IMA +APPARMOR +SMACK +SYSVINIT +UTMP +LIBCRYPTSETUP +GCRYPT +GNUTLS +ACL +XZ -LZ4 +SECCOMP +BLKID +ELFUTILS +KMOD -IDN)
[   55.798537] systemd[1]: Detected virtualization oracle.
[   55.943587] systemd[1]: Detected architecture x86-64.

Welcome to [1mUbuntu 16.04.5 LTS[0m!

[   56.018665] systemd[1]: Set hostname to <ubuntu>.
[   56.093865] systemd[1]: Initializing machine ID from random generator.
[   56.128292] systemd[1]: Installed transient /etc/machine-id file.
[   56.274306] systemd[1]: Listening on Device-mapper event daemon FIFOs.
[[0;32m  OK  [0m] Listening on Device-mapper event daemon FIFOs.
[   56.333329] systemd[1]: Listening on Journal Audit Socket.
[[0;32m  OK  [0m] Listening on Journal Audit Socket.
[   56.425022] systemd[1]: Reached target Encrypted Volumes.
[[0;32m  OK  [0m] Reached target Encrypted Volumes.
[   56.489331] systemd[1]: Reached target Swap.
[[0;32m  OK  [0m] Reached target Swap.
[   56.589256] systemd[1]: Reached target User and Group Name Lookups.
[[0;32m  OK  [0m] Reached target User and Group Name Lookups.
[   56.653328] systemd[1]: Started Forward Password Requests to Wall Directory Watch.
[[0;32m  OK  [0m] Started Forward Password Requests to Wall Directory Watch.
[   56.850014] systemd[1]: Listening on Journal Socket (/dev/log).
[[0;32m  OK  [0m] Listening on Journal Socket (/dev/log).
[   56.945480] systemd[1]: Reached target System Time Synchronized.
[[0;32m  OK  [0m] Reached target System Time Synchronized.
[   57.049146] systemd[1]: Listening on udev Kernel Socket.
[[0;32m  OK  [0m] Listening on udev Kernel Socket.
[   57.157599] systemd[1]: Listening on /dev/initctl Compatibility Named Pipe.
[[0;32m  OK  [0m] Listening on /dev/initctl Compatibility Named Pipe.
[   57.377778] systemd[1]: Listening on LVM2 metadata daemon socket.
[[0;32m  OK  [0m] Listening on LVM2 metadata daemon socket.
[   57.492972] systemd[1]: Listening on Syslog Socket.
[[0;32m  OK  [0m] Listening on Syslog Socket.
[   57.531437] systemd[1]: Created slice System Slice.
[[0;32m  OK  [0m] Created slice System Slice.
[   57.582404] systemd[1]: Created slice system-serial\x2dgetty.slice.
[[0;32m  OK  [0m] Created slice system-serial\x2dgetty.slice.
[   57.711661] systemd[1]: Created slice User and Session Slice.
[[0;32m  OK  [0m] Created slice User and Session Slice.
[   57.757084] systemd[1]: Reached target Slices.
[[0;32m  OK  [0m] Reached target Slices.
[   57.805134] systemd[1]: Listening on udev Control Socket.
[[0;32m  OK  [0m] Listening on udev Control Socket.
[   57.832537] systemd[1]: Set up automount Arbitrary Executable File Formats File System Automount Point.
[[0;32m  OK  [0m] Set up automount Arbitrary Executab...ats File System Automount Point.
[   57.877250] systemd[1]: Started Trigger resolvconf update for networkd DNS.
[[0;32m  OK  [0m] Started Trigger resolvconf update for networkd DNS.
[   58.073704] systemd[1]: Listening on Journal Socket.
[[0;32m  OK  [0m] Listening on Journal Socket.
[   58.145770] systemd[1]: Starting Monitoring of LVM2 mirrors, snapshots etc. using dmeventd or progress polling...
[   58.150507] random: nonblocking pool is initialized
         Starting Monitoring of LVM2 mirrors... dmeventd or progress polling...
[   58.581128] systemd[1]: Starting Uncomplicated firewall...
         Starting Uncomplicated firewall...
[   58.657245] systemd[1]: Mounting POSIX Message Queue File System...
         Mounting POSIX Message Queue File System...
[   58.765687] systemd[1]: Starting Remount Root and Kernel File Systems...
[   58.768639] EXT4-fs (sda1): re-mounted. Opts: (null)
         Starting Remount Root and Kernel File Systems...
[   59.029401] systemd[1]: Starting Set console keymap...
         Starting Set console keymap...
[   59.133419] systemd[1]: Mounting Debug File System...
         Mounting Debug File System...
[   59.297311] systemd[1]: Starting Nameserver information manager...
         Starting Nameserver information manager...
[   59.453830] systemd[1]: Listening on LVM2 poll daemon socket.
[[0;32m  OK  [0m] Listening on LVM2 poll daemon socket.
[   59.609363] systemd[1]: Starting Load Kernel Modules...
[   59.628689] Loading iSCSI transport class v2.0-870.
         Startin[   59.635574] iscsi: registered transport (tcp)
g Load Kernel Modules...
[   59.661743] systemd[1]: Starting Journal Service...
         Starting Journal Servic[   59.740544] iscsi: registered transport (iser)
e...
[   59.748407] systemd[1]: Mounting Huge Pages File System...
         Mounting Huge Pages File System...
[   59.821652] systemd[1]: Starting Create list of required static device nodes for the current kernel...
         Starting Create list of required st... nodes for the current kernel...
[   59.978467] systemd[1]: Mounted POSIX Message Queue File System.
[[0;32m  OK  [0m] Mounted POSIX Message Queue File System.
[   60.105854] systemd[1]: Mounted Debug File System.
[[0;32m  OK  [0m] Mounted Debug File System.
[   60.249585] systemd[1]: Mounted Huge Pages File System.
[[0;32m  OK  [0m] Mounted Huge Pages File System.
[   60.393389] systemd[1]: Started Journal Service.
[[0;32m  OK  [0m] Started Journal Service.
[[0;32m  OK  [0m] Started Uncomplicated firewall.
[[0;32m  OK  [0m] Started Remount Root and Kernel File Systems.
[[0;32m  OK  [0m] Started Set console keymap.
[[0;32m  OK  [0m] Started Load Kernel Modules.
[[0;32m  OK  [0m] Started Create list of required sta...ce nodes for the current kernel.
[[0;32m  OK  [0m] Started Nameserver information manager.
[[0;32m  OK  [0m] Started LVM2 metadata daemon.
         Starting Create Static Device Nodes in /dev...
         Starting Apply Kernel Variables...
         Mounting FUSE Control File System...
         Starting Load/Save Random Seed...
         Starting udev Coldplug all Devices...
         Starting Flush Journal to Persistent Storage...
[[0;32m  OK  [0m] Mounted FUSE Control File System.
[[0;32m  OK  [0m] Started Monitoring of LVM2 mirrors,...ng dmeventd or progress polling.
[[0;32m  OK  [0m] Started Create Static Device Nodes in /dev.
[[0;32m  OK  [0m] Started Apply Kernel Variables.
[[0;32m  OK  [0m] Started Load/Save Random Seed.
         Starting udev Kernel Device Manager...
[[0;32m  OK  [0m] Started Flush Journal to Persistent Storage.
[[0;32m  OK  [0m] Started udev Coldplug all Devices.
[[0;32m  OK  [0m] Started udev Kernel Device Manager.
[[0;32m  OK  [0m] Reached target Local File Systems (Pre).
[[0;32m  OK  [0m] Reached target Local File Systems.
         Starting Tell Plymouth To Write Out Runtime Data...
         Starting Set console font and keymap...
         Starting LSB: AppArmor initialization...
         Starting Commit a transient machine-id on disk...
         Starting Initial cloud-init job (pre-networking)...
[[0;32m  OK  [0m] Started Dispatch Password Requests to Console Directory Watch.
         Starting Create Volatile Files and Directories...
[[0;32m  OK  [0m] Started Tell Plymouth To Write Out Runtime Data.
[[0;32m  OK  [0m] Started Set console font and keymap.
[[0;32m  OK  [0m] Started Commit a transient machine-id on disk.
[[0;32m  OK  [0m] Started Create Volatile Files and Directories.
[[0;32m  OK  [0m] Found device /dev/ttyS0.
[[0;32m  OK  [0m] Listening on Load/Save RF Kill Switch Status /dev/rfkill Watch.
         Starting Update UTMP about System Boot/Shutdown...
[[0;32m  OK  [0m] Created slice system-getty.slice.
[[0;32m  OK  [0m] Started Update UTMP about System Boot/Shutdown.
[   55.419085] cloud-init[615]: Cloud-init v. 18.3-9-g2e62cb8a-0ubuntu1~16.04.2 running 'init-local' at Thu, 13 Dec 2018 13:19:56 +0000. Up 55.11 seconds.
[[0;32m  OK  [0m] Started Initial cloud-init job (pre-networking).
[[0;32m  OK  [0m] Reached target Network (Pre).
[[0;32m  OK  [0m] Started LSB: AppArmor initialization.
         Starting Raise network interfaces...
[[0;32m  OK  [0m] Started Raise network interfaces.
         Starting Initial cloud-init job (metadata service crawler)...
[[0;32m  OK  [0m] Reached target Network.
[   56.704424] cloud-init[938]: Cloud-init v. 18.3-9-g2e62cb8a-0ubuntu1~16.04.2 running 'init' at Thu, 13 Dec 2018 13:19:57 +0000. Up 56.11 seconds.
[   56.713548] cloud-init[938]: ci-info: ++++++++++++++++++++++++++++++++++++++Net device info+++++++++++++++++++++++++++++++++++++++
[[0;32m  OK  [0m] Started Initial cloud-init job (metadata service crawler).
[   56.772325] cloud-init[938]: ci-info: +--------+-------+----------------------------+---------------+--------+-------------------+
[   56.869409] [cloud-init[0;32m  OK  [0m[938]: ] ci-info: | Device |   Up  |          Address           |      Mask     | Scope  |     Hw-Address    |Reached target System Initialization.

[   56.950848] cloud-init[938]: ci-info: +--------+-------+----------------------------+---------------+--------+-------------------+
[[0;32m  OK  [0m] Started Daily apt download activities.
[   56.951639] [cloud-init[0;32m  OK  [0m[938]: ] ci-info: | enp0s3 |  True |         10.0.2.15          | 255.255.255.0 | global | 02:fb:a8:4c:29:d0 |Started Daily apt upgrade and clean activities.

[   57.064771]          cloud-initStarting Socket activation for snappy daemon.[938]: 
ci-info: | enp0s3 |  True | fe80::fb:a8ff:fe4c:29d0/64 |       .       |  link  | 02:fb:a8:4c:29:d0 |
[   57.116462] cloud-init[938]: ci-info: | enp0s8 | False |             .              |       .       |   .    | 08:00:27:98:24:77 |
[[0;32m  OK  [0m] Started Daily Cleanup of Temporary Directories.
[   57.117317] [cloud-init[0;32m  OK  [0m[938]: ] ci-info: |   lo   |  True |         127.0.0.1          |   255.0.0.0   |  host  |         .         |Listening on D-Bus System Message Bus Socket.

[   57.247769] cloud-init[938]: ci-info: |   lo   |  True |          ::1/128           |       .       |  host  |         .         |
[   57.376581] [cloud-init[0;32m  OK  [0m[938]: ] ci-info: +--------+-------+----------------------------+---------------+--------+-------------------+Started ACPI Events Check.

[   57.408796] [cloud-init[0;32m  OK  [0m[938]: ] ci-info: +++++++++++++++++++++++++++Route IPv4 info++++++++++++++++++++++++++++Reached target Paths.

[   57.492944] [cloud-init[0;32m  OK  [0m[938]: ] ci-info: +-------+-------------+----------+---------------+-----------+-------+Listening on UUID daemon activation socket.

[[0;32m  OK  [0m] Reached target Timers.
[   57.493385] cloud-init[938]: ci-info: | Route | Destination | Gateway  |    Genmask    | Interface | Flags |
[   57.563647]          cloud-initStarting LXD - unix socket.[938]: 
ci-info: +-------+-------------+----------+---------------+-----------+-------+
[[0;32m  OK  [0m] Listening on ACPID Listen Socket.
[[0;32m  OK  [0m] Reached target Cloud-config availability.
[   57.564127] cloud-init[938]: ci-info: |   0   |   0.0.0.0   | 10.0.2.2 |    0.0.0.0    |   enp0s3  |   UG  |
[   57.644821] cloud-init[938]: ci-info: |   1   |   10.0.2.0  | 0.0.0.0  | 255.255.255.0 |   enp0s3  |   U   |
[[0;32m  OK  [0m] Reached target Network is Online.
[   57.645248] cloud-init[938]: ci-info: +-------+-------------+----------+---------------+-----------+-------+
         Starting iSCSI initiator daemon (iscsid)...
[   57.732344] cloud-init[938]: ci-info: +++++++++++++++++++Route IPv6 info+++++++++++++++++++
[   57.805561] cloud-init[938]: ci-info: +-------+-------------+---------+-----------+-------+
[[0;32m  OK  [0m] Listening on Socket activation for snappy daemon.
[   58.148364] [cloud-init[0;32m  OK  [0m[938]: ] ci-info: | Route | Destination | Gateway | Interface | Flags |Listening on LXD - unix socket.

[   58.205344] cloud-init[938]: ci-info: +-------+-------------+---------+-----------+-------+
[   58.321306] [cloud-init[0;32m  OK  [0m[938]: ] ci-info: |   0   |  fe80::/64  |    ::   |   enp0s3  |   U   |Reached target Sockets.

[[0;32m  OK  [0m] Reached target Basic System.
[   58.415963] [cloud-init[0;32m  OK  [0m[938]: ] ci-info: |   3   |   ff00::/8  |    ::   |   enp0s3  |   U   |Started Unattended Upgrades Shutdown.

[   58.437284] cloud-init[938]: ci-info: +-------+-------------+---------+-----------+-------+
[   58.498053] [cloud-init[0;32m  OK  [0m[938]: ] Generating public/private rsa key pair.Started ACPI event daemon.

[   58.498486] cloud-init[938]: Your identification has been saved in /etc/ssh/ssh_host_rsa_key.
[   58.565486]          Starting LXD - container startup/shutdown...
cloud-init[[0;32m  OK  [0m] Started FUSE filesystem for LXC.
[938]: Your public key has been saved in /etc/ssh/ssh_host_rsa_key.pub.
[   58.656844] cloud-init[938]: The key fingerprint is:
[   58.696528] [cloud-init[0;32m  OK  [0m[938]: ] SHA256:gwe7bV8FUnet0U7X4mVRtJ/dSN1fg0OFqeSkwHQLNmI root@ubuntu-xenialStarted Regular background program processing daemon.

[   58.696957] cloud-init[938]: The key's randomart image is:
[   58.809756]          cloud-initStarting Accounts Service...[938]: 
+---[RSA 2048]----+
[   58.868743]          cloud-initStarting LSB: MD monitoring daemon...[938]: 
|     Eo= .  ..==O|
[   58.902008]          cloud-initStarting /etc/rc.local Compatibility...[938]: 
|    . oo+ .+.++o@|
[   58.992438]          cloud-initStarting System Logging Service...[938]: 
|      . ..* o+.@=|
[   58.999496] cloud-init[938]: |       + . + o+.X|
[   59.032785] [cloud-init[0;32m  OK  [0m[938]: ] |      o S     o.=|Started Deferred execution scheduler.

[   59.065474]          cloud-initStarting LSB: Record successful boot for GRUB...[938]: 
|       + .   .   |
[   59.104380]          cloud-initStarting Login Service...[938]: 
|      . o   .    |
[   59.104728] cloud-init[938]: |       . . .     |
[   59.161289] [cloud-init[0;32m  OK  [0m[938]: ] |          .      |Started D-Bus System Message Bus.

[   59.162061] cloud-init[938]: +----[SHA256]-----+
[   59.244323]          cloud-initStarting Pollinate to seed the pseudo random number generator...[938]: 
Generating public/private dsa key pair.
         Starting Virtualbox guest utils...
[   59.328260] cloud-init[938]: Your identification has been saved in /etc/ssh/ssh_host_dsa_key.
         Starting Snappy daemon...
[   59.448464] cloud-init[938]: Your public key has been saved in /etc/ssh/ssh_host_dsa_key.pub.
[[0;32m  OK  [0m] Started System Logging Service.
[   59.471962] cloud-init[938]: The key fingerprint is:
[   59.524418] [cloud-init[0;32m  OK  [0m[938]: ] SHA256:cTS9pUh9E7OjwynFcN0L7Bv57SOfhUhx+z8S+coGkEk root@ubuntu-xenialStarted iSCSI initiator daemon (iscsid).

[   59.525003] cloud-init[938]: The key's randomart image is:
[   59.629019] [cloud-init[0;32m  OK  [0m[938]: ] +---[DSA 1024]----+Started LXD - container startup/shutdown.

[   59.700377] [cloud-init[0;32m  OK  [0m[938]: ] |          +oo.oo |Started /etc/rc.local Compatibility.

[   59.700869] cloud-init[938]: |         E.=oo=o.|
[   59.784438] [cloud-init[0;32m  OK  [0m[938]: ] |        o.+.==*..|Started Pollinate to seed the pseudo random number generator.

[   59.784939] cloud-init[938]: |         *.ooO + |
[   59.864432] [cloud-init[0;32m  OK  [0m[938]: ] |        S o * * .|Started Snappy daemon.

[   59.864876] cloud-init[938]: |           + * +.|
[   59.932295] [cloud-init[0;32m  OK  [0m[938]: ] |            o +.o|Started LSB: MD monitoring daemon.

[   59.932911] cloud-init[938]: |            .+ +=|
[   60.031193] [cloud-init[0;32m  OK  [0m[938]: ] |            .o=o+|Started LSB: Record successful boot for GRUB.

[   60.031602] cloud-init[938]: +----[SHA256]-----+
[   60.141518] cloud-init[938]: Generating public/private ecdsa key pair.
[   60.141762] cloud-init[938]: Your identification has been saved in /etc/ssh/ssh_host_ecdsa_key.
[[0;32m  OK  [0m] Started Login Service.
[   60.141920] cloud-init[938]: Your public key has been saved in /etc/ssh/ssh_host_ecdsa_key.pub.
[   60.256697] cloud-init[938]: The key fingerprint is:
[   60.257068] cloud-init[938]: SHA256:2yYOQ/KaXfgajPGcm5kKww+N3usGczQm+pKA/Xw4Vbs root@ubuntu-xenial
[[0;32m  OK  [0m] Started Virtualbox guest utils.
[   60.257364] cloud-init[938]: The key's randomart image is:
[   60.350944] cloud-init[938]: +---[ECDSA 256]---+
[   60.368411]          cloud-initStarting Authenticate and Authorize Users to Run Privileged Tasks...[938]: 
|                 |
[   60.400573]          Starting Wait until snapd is fully seeded...
cloud-init[938]: |                 |
[   60.404026] cloud-init[938]: |                 |
[   60.440598]          cloud-initStarting OpenBSD Secure Shell server...[938]: 
|  . +   .        |
[   60.441530] cloud-init[938]: |.o +o...S.       |
[   60.453419]          cloud-initStarting Login to default iSCSI targets...[938]: 
|+.+o.X.o.o       |
[[0;32m  OK  [0m] Started OpenBSD Secure Shell server.
[[0;32m  OK  [0m] Started Authenticate and Authorize Users to Run Privileged Tasks.
[[0;32m  OK  [0m] Started Accounts Service.
[   60.470102] cloud-init[938]: |.o**oo@ +.o      |
[   60.571279] cloud-init[938]: |o..**+.%Eo       |
[   60.574395] cloud-init[938]: | ..oO=B.o        |
[   60.578098] cloud-init[938]: +----[SHA256]-----+
[   60.620405] cloud-init[938]: Generating public/private ed25519 key pair.
[[   60.700366] cloud-init[938]: Your identification has been saved in /etc/ssh/ssh_host_ed25519_key.
[   60.700824] cloud-init[938]: Your public key has been saved in /etc/ssh/ssh_host_ed25519_key.pub.
[   60.701018] cloud-init[938]: The key fingerprint is:
[   60.701148] cloud-init[938]: SHA256:+LQpS9PzlQ86bCFy9m+cMit+h0oiVVOQNol0AOn/FDY root@ubuntu-xenial
[   60.701300] cloud-init[938]: The key's randomart image is:
[   60.701460] cloud-init[938]: +--[ED25519 256]--+
[   60.701611] cloud-init[938]: |    .+ooo+.      |
[   60.701765] cloud-init[938]: |    . ..=.       |
[0;32m  OK  [0m] Started Login to default iSCSI targets.
[   60.702889] cloud-init[938]: |   .   .o.       |
[   60.852586] cloud-init[938]: |    .  oE.       |
[[0;32m  OK  [0m] Reached target Remote File Systems (Pre).
[[0;32m  OK  [0m] Reached target Remote File Systems.
[   60.882973] cloud-init[938]: |     .o.So       |
[   60.927317] cloud-init[938]: |     .o+=o.  .   |
[   60.929979] cloud-init[938]: |    . =*B+ ++.   |
[   60.934572] cloud-init[938]: |     o *ooXo=o   |
[   60.941971] cloud-init[938]: |      ..o=+O. .  |
[   60.942663] cloud-init[938]: +----[SHA256]-----+
         Starting LSB: automatic crash report generation...
         Starting LSB: daemon to balance interrupts for SMP systems...
         Starting LSB: Set the CPU Frequency Scaling governor to "ondemand"...
         Starting Permit User Sessions...
[[0;32m  OK  [0m] Started Permit User Sessions.
         Starting Hold until boot process finishes up...
         Starting Terminate Plymouth Boot Screen...
[[0;32m  OK  [0m] Started LSB: automatic crash report generation.
[[0;32m  OK  [0m] Started LSB: daemon to balance interrupts for SMP systems.
[[0;32m  OK  [0m] Started LSB: Set the CPU Frequency Scaling governor to "ondemand".
[[0;32m  OK  [0m] Started Hold until boot process finishes up.
[[0;32m  OK  [0m] Started Terminate Plymouth Boot Screen.
[[0;32m  OK  [0m] Started Getty on tty1.
         Starting Set console scheme...
[[0;32m  OK  [0m] Started Serial Getty on ttyS0.
[[0;32m  OK  [0m] Reached target Login Prompts.
[[0;32m  OK  [0m] Started Set console scheme.
[[0;32m  OK  [0m] Created slice User Slice of vagrant.
         Starting User Manager for UID 1000...
[[0;32m  OK  [0m] Started User Manager for UID 1000.
[[0;32m  OK  [0m] Started Session 1 of user vagrant.
         Stopping User Manager for UID 1000...
[[0;32m  OK  [0m] Stopped User Manager for UID 1000.
[[0;32m  OK  [0m] Removed slice User Slice of vagrant.
[[0;32m  OK  [0m] Created slice User Slice of vagrant.
         Starting User Manager for UID 1000...
[[0;32m  OK  [0m] Started User Manager for UID 1000.
[[0;32m  OK  [0m] Started Session 2 of user vagrant.
[[0;32m  OK  [0m] Started Wait until snapd is fully seeded.
         Starting Apply the settings specified in cloud-config...
[[0;32m  OK  [0m] Reached target Multi-User System.
[[0;32m  OK  [0m] Reached target Graphical Interface.
         Starting Update UTMP about System Runlevel Changes...
[[0;32m  OK  [0m] Started Update UTMP about System Runlevel Changes.
[   63.884324] cloud-init[1504]: Generating locales (this might take a while)...
[   64.964380] cloud-init[1504]:   en_US.UTF-8... done
[   64.972910] cloud-init[1504]: Generation complete.
         Stopping User Manager for UID 1000...
[[0;32m  OK  [0m] Stopped User Manager for UID 1000.
[[0;32m  OK  [0m] Removed slice User Slice of vagrant.
[   65.282209] cloud-init[1504]: Cloud-init v. 18.3-9-g2e62cb8a-0ubuntu1~16.04.2 running 'modules:config' at Thu, 13 Dec 2018 13:20:04 +0000. Up 63.75 seconds.
[[0;32m  OK  [0m] Started Apply the settings specified in cloud-config.
         Starting Execute cloud user/final scripts...
ci-info: no authorized ssh keys fingerprints found for user ubuntu.
<14>Dec 13 13:20:06 ec2: 
<14>Dec 13 13:20:06 ec2: #############################################################
<14>Dec 13 13:20:06 ec2: -----BEGIN SSH HOST KEY FINGERPRINTS-----
<14>Dec 13 13:20:06 ec2: 1024 SHA256:cTS9pUh9E7OjwynFcN0L7Bv57SOfhUhx+z8S+coGkEk root@ubuntu-xenial (DSA)
<14>Dec 13 13:20:06 ec2: 256 SHA256:2yYOQ/KaXfgajPGcm5kKww+N3usGczQm+pKA/Xw4Vbs root@ubuntu-xenial (ECDSA)
<14>Dec 13 13:20:06 ec2: 256 SHA256:+LQpS9PzlQ86bCFy9m+cMit+h0oiVVOQNol0AOn/FDY root@ubuntu-xenial (ED25519)
<14>Dec 13 13:20:06 ec2: 2048 SHA256:gwe7bV8FUnet0U7X4mVRtJ/dSN1fg0OFqeSkwHQLNmI root@ubuntu-xenial (RSA)
<14>Dec 13 13:20:06 ec2: -----END SSH HOST KEY FINGERPRINTS-----
<14>Dec 13 13:20:06 ec2: #############################################################
-----BEGIN SSH HOST KEY KEYS-----
ecdsa-sha2-nistp256 AAAAE2VjZHNhLXNoYTItbmlzdHAyNTYAAAAIbmlzdHAyNTYAAABBBLfimDsk90eNaG6FU0rX4ZCyxT251UJpvftOscONZfjVGK5ARdhOulLVbDvE6etxFPMwE5DudJVgTxHpmja2kyE= root@ubuntu-xenial
ssh-ed25519 AAAAC3NzaC1lZDI1NTE5AAAAIEfPNongXHUUUrrF5cMUfrcMHGlYNaoHXA4LruqLpwNZ root@ubuntu-xenial
ssh-rsa AAAAB3NzaC1yc2EAAAADAQABAAABAQDmmZnHrjQL72nfB/+HBR8fpkcRfoc4K5ih0L/tQXiwhrIk8wia9F2p6CU+zSjQB/tA+7kKjkAmBmGdiVXtBIiGd3arx1VdA/4Zv/X+cwzLrOL/R9kQ+eTuFM96pDNsqRTwoB6GwrSrBXjYNJmejFpIya8PfifgLeVI35oWfzXiqRBPL3xiGCHYrmaQmKjZsOoF0tQlwx4tfw/aceenmZfZLZEvwOBvStH9c/9PYt/swmAZGngkA8dQZY5zpY5Zy7tlYHgL3acvmMIlT/yurSfF8+Cqin3F796HRhmfUHz33zApX4E2vWwUJzJ/2b02Lyrn/VAK/t9cOyuxKuwJ8qxl root@ubuntu-xenial
-----END SSH HOST KEY KEYS-----
[   65.998590] cloud-init[1776]: Cloud-init v. 18.3-9-g2e62cb8a-0ubuntu1~16.04.2 running 'modules:final' at Thu, 13 Dec 2018 13:20:06 +0000. Up 65.57 seconds.
[   66.018809] cloud-init[1776]: ci-info: no authorized ssh keys fingerprints found for user ubuntu.
[   66.026423] cloud-init[1776]: Cloud-init v. 18.3-9-g2e62cb8a-0ubuntu1~16.04.2 finished at Thu, 13 Dec 2018 13:20:06 +0000. Datasource DataSourceNoCloud [seed=/dev/sdb][dsmode=net].  Up 65.99 seconds
[[0;32m  OK  [0m] Started Execute cloud user/final scripts.
[[0;32m  OK  [0m] Reached target Cloud-init target.

Ubuntu 16.04.5 LTS ubuntu-xenial ttyS0

ubuntu-xenial login: 